// Jest Snapshot v1, https://goo.gl/fbAQLP

exports[`Test on GifApp should match the snapshot 1`] = `
<div>
  <div
    class="title-bar"
  >
    <h1>
      GifApp
    </h1>
  </div>
  <form
    aria-label="form"
  >
    <input
      placeholder="Buscar gifs..."
      role="input"
      type="text"
      value=""
    />
  </form>
</div>
`;
